// Jest Snapshot v1, https://goo.gl/fbAQLP

exports[`Page404 component renders the UI as expected 1`] = `
<div>
  <h1>
    Page not found
  </h1>
</div>
`;
