// Jest Snapshot v1, https://goo.gl/fbAQLP

exports[`Success component renders the UI as expected 1`] = `
<div>
  <header>
    <h2>
      Added Successfully
    </h2>
    <a
      href="/dashboard"
      onClick={[Function]}
    >
      Go to dashboard
    </a>
  </header>
</div>
`;
