// Jest Snapshot v1, https://goo.gl/fbAQLP

exports[`App component renders the UI as expected 1`] = `
<div
  className="App"
>
  <nav>
    <a
      href="/"
      onClick={[Function]}
    >
      <p
        className="logo"
      >
        G
        <span
          className="logo-part"
        >
          leamSIS
        </span>
      </p>
    </a>
    <button
      className="menu-toggler"
      onClick={[Function]}
    >
      <i
        className="fas fa-chevron-circle-down"
      />
    </button>
    <div
      className="navbar-links open-menu"
    >
      <a
        href="/"
        onClick={[Function]}
      >
        Home
      </a>
      <a
        aria-current={null}
        href="/demo"
        onClick={[Function]}
      >
        Demo
      </a>
      <a
        aria-current={null}
        href="/pricing"
        onClick={[Function]}
      >
        Pricing
      </a>
      <a
        aria-current={null}
        href="/about"
        onClick={[Function]}
      >
        About
      </a>
      <a
        aria-current={null}
        href="/contact"
        onClick={[Function]}
      >
        Contact
      </a>
    </div>
  </nav>
  <div>
    <header>
      <h1>
        GleamSIS
      </h1>
      <p>
        Welcome to GleamSIS. Your one stop student information system.
      </p>
    </header>
    <main>
      <section
        className="group"
      >
        <div
          className="item"
        >
          <h2>
            All you need is in one place
          </h2>
          <p>
            You can use information for your teachers, students and courses in one place. Every school generate thousands of data every single day. Keeping track of the data, accessing it and using it every day is made simple with GleamSIS.
          </p>
        </div>
        <div
          className="item"
        >
          <img
            alt=""
            className="home-pic"
            src="images/gleam3.png"
          />
        </div>
      </section>
      <section
        className="group2"
      >
        <div
          className="item"
        >
          <h2>
            Access your data with ease
          </h2>
          <p>
            With visual data display, you can use your time better. Filter and sort through what you need, have GleamSIS generate an awesome looking graph, share it with others and let the knowledge flow.
          </p>
        </div>
        <div
          className="item"
        >
          <img
            alt=""
            className="home-pic"
            src="images/gleam2.png"
          />
        </div>
      </section>
      <section
        className="group"
      >
        <div
          className="item"
        >
          <h2>
            Provide your staff great experience
          </h2>
          <p>
            Improve your staff's performance and let them manage their time effectively. You can see their usage time, offer help and support, or suggest curated tips and tricks that will improve their performance.
          </p>
        </div>
        <div
          className="item"
        >
          <img
            alt=""
            className="home-pic"
            src="images/gleam4.png"
          />
        </div>
      </section>
      <img
        alt=""
        className="banner"
        src="images/banner3.png"
      />
      <section>
        <h2>
          Want to learn more
        </h2>
        <a
          className="btn-add"
          href="/contact"
          onClick={[Function]}
        >
          Contact Us
        </a>
      </section>
      <section
        className="testimonials"
      >
        <h2>
          Testimonials
        </h2>
        <div>
          <blockquote
            cite="https://www.huxley.net/bnw/four.html"
          >
            <p
              className="quote"
            >
              GleamSIS has saved us more than half of the time we used to spend organizing data about our students, parents and teachers. Now with a few clicks we can access it right away. User friendly, practical and just exactly what we need.
            </p>
            <p>
              —Sevde Meva Alp,
               
              <cite>
                Principal at That School
              </cite>
            </p>
          </blockquote>
        </div>
      </section>
    </main>
  </div>
  <div
    className="footer"
  >
    <div
      className="group3"
    >
      <div
        className="item-footer"
      >
        <h3>
          GleamSIS
        </h3>
        <p>
          123 Sesame St,
        </p>
        <p>
          San Francisco, CA 94105
        </p>
        <p>
          415-123-4567
        </p>
      </div>
      <div
        className="item-footer"
      >
        <h4>
          Company
        </h4>
        <p>
          About
        </p>
        <p>
          Careers
        </p>
        <p>
          Media
        </p>
      </div>
      <div
        className="item-footer"
      >
        <h4>
          Solutions
        </h4>
        <p>
          Information Systems
        </p>
        <p>
          Management Systems
        </p>
      </div>
    </div>
    <p
      className="copy"
    >
      Copyrights © Yusuf Alp 2020
    </p>
  </div>
</div>
`;
